
â â?â?â?â?â?â?â?â?â?â?â?â?â?â?â?â?â?â?â?â?â?â?â?â?â?â?â?â?â?â?â?â?â?â?â?â?â?â?â?â?â?â?â?â?â?â?â?â?â?â?â?â?â?â?â?â?â?â?â?â?â?â?â- -ForegroundColor Cyan
Write-Host â  FormBridge End-to-End Test Suite (LOCAL)                   â -ForegroundColor Cyan
Write-Host â  $(Get-Date -Format yyyy-MM-dd HH:mm:ss)                              â -ForegroundColor Cyan
Write-Host âsâ?â?â?â?â?â?â?â?â?â?â?â?â?â?â?â?â?â?â?â?â?â?â?â?â?â?â?â?â?â?â?â?â?â?â?â?â?â?â?â?â?â?â?â?â?â?â?â?â?â?â?â?â?â?â?â?â?â?â?â?â?â?â? -ForegroundColor Cyan
Write-Host "

# Initialize summary
node W:\PROJECTS\formbridge\tests/lib/init_summary.js W:\PROJECTS\formbridge\tests\artifacts\summary.json local  | Out-Null

# Sanity checks
Write-Step SANITY CHECKS

Write-Info Checking required tools...
 = True

foreach ( in @(node, jq, curl)) {
     = Get-Command  -ErrorAction SilentlyContinue
    if () {
        Write-Success  is available
    } else {
        Write-Error Missing tool: 
         = False
    }
}

if (!) {
    Write-Error Missing required tools
    exit 1
}

Write-Info "
Write-Info Environment Configuration:
Write-Info  BASE_URL: 
Write-Info  FORM_ID: 
Write-Info  HMAC_ENABLED: 

# Test connectivity
Write-Info "
Write-Info Testing API connectivity...
try {
     = Invoke-WebRequest -Uri  -Method Get -TimeoutSec 5 -ErrorAction SilentlyContinue
    Write-Success API is reachable
} catch {
    Write-Warning API may not be reachable - continuing tests
}

# Test submit
Write-Step TEST: Form Submission

 = @{
    form_id = 
    name = Test User
    email = test@example.com
    message = PowerShell test submission
    timestamp = [int][double]::Parse((Get-Date -UFormat %s))
} | ConvertTo-Json

Write-Info Submitting form: 

try {
     = node W:\PROJECTS\formbridge\tests/lib/test_step_submit.js /submit     2> | ConvertFrom-Json
    if (.id) {
        Write-Success Submission successful
        Write-Info  Submission ID:  
        .id | Out-File  W:\PROJECTS\formbridge\tests\artifacts/last_submission_id.txt -Force
    } else {
        Write-Error Submission failed: 
    }
} catch {
    Write-Error Submission failed: 
}

# Test analytics
Write-Step TEST: Analytics

Write-Info Retrieving analytics for form: 

try {
     = node W:\PROJECTS\formbridge\tests/lib/test_step_analytics.js /analytics   2> | ConvertFrom-Json
    if (.totals) {
        Write-Success Analytics retrieved
        Write-Info  Total submissions:  
    } else {
        Write-Error  Analytics failed: 
    }
} catch {
    Write-Error Analytics failed: 
}

# Test export
Write-Step TEST: Export CSV

 = Get-Date -Format yyyyMMdd
 = W:\PROJECTS\formbridge\tests\artifacts/export_.csv

Write-Info Exporting submissions for: 

try {
     = node W:\PROJECTS\formbridge\tests/lib/test_step_export.js /export  7  2>
    if ( -and  -match  ) {
         | Out-File  -Force
         = ( | Measure-Object -Line).Lines
        Write-Success  Export successful
        Write-Info  Saved to: 
        Write-Info  Lines: 
    } else {
        Write-Error Export failed: Invalid CSV response
    }
} catch {
    Write-Error Export failed: 
}

# Generate report
Write-Step GENERATING REPORT

node W:\PROJECTS\formbridge\tests/lib/collect_summary.js report W:\PROJECTS\formbridge\tests\artifacts\summary.json W:\PROJECTS\formbridge\tests\report.html | Out-Null

Write-Host "
Write-Success Test suite completed
Write-Info dYS Open report: W:\PROJECTS\formbridge\tests\report.html

